
> client@0.1.0 build
> react-scripts build

(node:45028) [DEP0176] DeprecationWarning: fs.F_OK is deprecated, use fs.constants.F_OK instead
(Use `node --trace-deprecation ...` to show where the warning was created)
Creating an optimized production build...
Compiled with warnings.

[eslint] 
src\App.js
  Line 7:10:  'loggedIn' is assigned a value but never used  no-unused-vars

src\pages\LandingPage.jsx
  Line 3:21:  'Map' is defined but never used        no-unused-vars
  Line 3:52:  'Building2' is defined but never used  no-unused-vars

Search for the keywords to learn more about each warning.
To ignore, add // eslint-disable-next-line to the line before.

File sizes after gzip:

  126.56 kB (+227 B)  build\static\js\main.9ed9d911.js
  11.27 kB (-67 B)    build\static\css\main.63c3101a.css
  1.76 kB             build\static\js\453.af205ec6.chunk.js

The project was built assuming it is hosted at /.
You can control this with the homepage field in your package.json.

The build folder is ready to be deployed.
You may serve it with a static server:

  npm install -g serve
  serve -s build

Find out more about deployment here:

  https://cra.link/deployment

